// Jest Snapshot v1, https://goo.gl/fbAQLP

exports[`<GridSpinner /> renders 1`] = `
.c0 {
  margin: 16px;
  -webkit-animation: eoUyJr 1s linear infinite;
  animation: eoUyJr 1s linear infinite;
  -webkit-transform: translateZ(0);
  -ms-transform: translateZ(0);
  transform: translateZ(0);
  border-top: 2px solid grey;
  border-right: 2px solid grey;
  border-bottom: 2px solid grey;
  border-left: 4px solid black;
  background: transparent;
  width: 80px;
  height: 80px;
  border-radius: 50%;
}

<div
  style={
    Object {
      "padding": "75px",
    }
  }
>
  <div
    className="c0"
  />
  <div />
</div>
`;
